mode: set
github.com/rowjay007/market-nexus/services/catalog/catalog.go:27.59,30.2 2 0
github.com/rowjay007/market-nexus/services/catalog/catalog.go:32.128,34.16 2 0
github.com/rowjay007/market-nexus/services/catalog/catalog.go:34.16,36.3 1 0
github.com/rowjay007/market-nexus/services/catalog/catalog.go:37.2,37.29 1 0
github.com/rowjay007/market-nexus/services/catalog/catalog.go:37.29,38.76 1 0
github.com/rowjay007/market-nexus/services/catalog/catalog.go:38.76,40.4 1 0
github.com/rowjay007/market-nexus/services/catalog/catalog.go:42.2,42.32 1 0
github.com/rowjay007/market-nexus/services/catalog/catalog.go:45.61,47.9 2 0
github.com/rowjay007/market-nexus/services/catalog/catalog.go:47.9,49.3 1 0
github.com/rowjay007/market-nexus/services/catalog/catalog.go:50.2,51.33 2 0
github.com/rowjay007/market-nexus/services/catalog/catalog.go:51.33,53.3 1 0
github.com/rowjay007/market-nexus/services/catalog/catalog.go:54.2,54.114 1 0
github.com/rowjay007/market-nexus/pkg/sharedkernel/types.go:14.50,16.19 2 0
github.com/rowjay007/market-nexus/pkg/sharedkernel/types.go:16.19,18.3 1 0
github.com/rowjay007/market-nexus/pkg/sharedkernel/types.go:19.2,19.31 1 0
github.com/rowjay007/market-nexus/pkg/sharedkernel/types.go:22.42,24.16 2 0
github.com/rowjay007/market-nexus/pkg/sharedkernel/types.go:24.16,25.13 1 0
github.com/rowjay007/market-nexus/pkg/sharedkernel/types.go:27.2,27.10 1 0
github.com/rowjay007/market-nexus/pkg/sharedkernel/types.go:30.35,32.2 1 0
github.com/rowjay007/market-nexus/pkg/events/bus.go:12.36,14.2 1 0
github.com/rowjay007/market-nexus/pkg/events/bus.go:16.62,20.2 3 0
github.com/rowjay007/market-nexus/pkg/events/bus.go:22.40,26.28 4 0
github.com/rowjay007/market-nexus/pkg/events/bus.go:26.28,28.3 1 0
github.com/rowjay007/market-nexus/pkg/events/types.go:15.39,17.2 1 0
github.com/rowjay007/market-nexus/pkg/events/types.go:19.43,21.2 1 0
github.com/rowjay007/market-nexus/services/catalog/cmd/server/main.go:5.13,7.2 1 0
github.com/rowjay007/market-nexus/services/catalog/internal/application/service.go:20.89,22.2 1 0
github.com/rowjay007/market-nexus/services/catalog/internal/application/service.go:24.72,25.45 1 0
github.com/rowjay007/market-nexus/services/catalog/internal/application/service.go:25.45,27.3 1 0
github.com/rowjay007/market-nexus/services/catalog/internal/application/service.go:28.2,29.12 2 0
github.com/rowjay007/market-nexus/services/catalog/internal/application/service.go:32.89,34.2 1 0
github.com/rowjay007/market-nexus/services/inventory/internal/application/service.go:23.91,25.2 1 0
github.com/rowjay007/market-nexus/services/inventory/internal/application/service.go:27.111,29.9 2 0
github.com/rowjay007/market-nexus/services/inventory/internal/application/service.go:29.9,31.3 1 0
github.com/rowjay007/market-nexus/services/inventory/internal/application/service.go:32.2,33.16 2 0
github.com/rowjay007/market-nexus/services/inventory/internal/application/service.go:33.16,35.3 1 0
github.com/rowjay007/market-nexus/services/inventory/internal/application/service.go:36.2,36.42 1 0
github.com/rowjay007/market-nexus/services/inventory/internal/application/service.go:36.42,38.3 1 0
github.com/rowjay007/market-nexus/services/inventory/internal/application/service.go:39.2,40.12 2 0
github.com/rowjay007/market-nexus/services/inventory/internal/application/service.go:43.111,45.9 2 0
github.com/rowjay007/market-nexus/services/inventory/internal/application/service.go:45.9,47.3 1 0
github.com/rowjay007/market-nexus/services/inventory/internal/application/service.go:48.2,49.42 2 0
github.com/rowjay007/market-nexus/services/inventory/internal/application/service.go:49.42,51.3 1 0
github.com/rowjay007/market-nexus/services/inventory/internal/application/service.go:52.2,53.12 2 0
github.com/rowjay007/market-nexus/services/catalog/internal/infrastructure/memory/repo.go:16.36,18.2 1 0
github.com/rowjay007/market-nexus/services/catalog/internal/infrastructure/memory/repo.go:20.59,26.2 5 0
github.com/rowjay007/market-nexus/services/catalog/internal/infrastructure/memory/repo.go:28.76,33.2 4 0
github.com/rowjay007/market-nexus/services/catalog/internal/infrastructure/memory/repo.go:35.86,42.2 6 0
github.com/rowjay007/market-nexus/services/inventory/inventory.go:16.59,19.2 2 0
github.com/rowjay007/market-nexus/services/inventory/inventory.go:21.105,23.2 1 0
github.com/rowjay007/market-nexus/services/inventory/inventory.go:25.102,27.2 1 0
github.com/rowjay007/market-nexus/services/inventory/inventory.go:29.102,31.2 1 0
github.com/rowjay007/market-nexus/services/inventory/inventory.go:33.108,35.12 2 0
github.com/rowjay007/market-nexus/services/inventory/inventory.go:35.12,37.3 1 0
github.com/rowjay007/market-nexus/services/inventory/inventory.go:38.2,38.48 1 0
github.com/rowjay007/market-nexus/services/inventory/cmd/server/main.go:5.13,7.2 1 0
github.com/rowjay007/market-nexus/services/inventory/internal/infrastructure/memory/repo.go:20.32,22.2 1 0
github.com/rowjay007/market-nexus/services/inventory/internal/infrastructure/memory/repo.go:24.56,29.2 4 0
github.com/rowjay007/market-nexus/services/inventory/internal/infrastructure/memory/repo.go:31.109,36.2 4 0
github.com/rowjay007/market-nexus/services/ordering/ordering.go:28.109,31.2 2 0
github.com/rowjay007/market-nexus/services/ordering/ordering.go:33.108,38.29 2 0
github.com/rowjay007/market-nexus/services/ordering/ordering.go:38.29,43.3 1 0
github.com/rowjay007/market-nexus/services/ordering/ordering.go:44.2,45.16 2 0
github.com/rowjay007/market-nexus/services/ordering/ordering.go:45.16,47.3 1 0
github.com/rowjay007/market-nexus/services/ordering/ordering.go:48.2,48.36 1 0
github.com/rowjay007/market-nexus/services/ordering/acl/catalogreadmodel/model.go:21.34,23.2 1 0
github.com/rowjay007/market-nexus/services/ordering/acl/catalogreadmodel/model.go:25.76,27.33 2 0
github.com/rowjay007/market-nexus/services/ordering/acl/catalogreadmodel/model.go:27.33,29.3 1 0
github.com/rowjay007/market-nexus/services/ordering/acl/catalogreadmodel/model.go:30.2,37.3 3 0
github.com/rowjay007/market-nexus/services/ordering/acl/catalogreadmodel/model.go:40.78,43.37 3 0
github.com/rowjay007/market-nexus/services/ordering/acl/catalogreadmodel/model.go:43.37,44.35 1 0
github.com/rowjay007/market-nexus/services/ordering/acl/catalogreadmodel/model.go:44.35,45.12 1 0
github.com/rowjay007/market-nexus/services/ordering/acl/catalogreadmodel/model.go:47.3,48.9 2 0
github.com/rowjay007/market-nexus/services/ordering/acl/catalogreadmodel/model.go:48.9,50.4 1 0
github.com/rowjay007/market-nexus/services/ordering/acl/catalogreadmodel/model.go:52.2,52.17 1 0
github.com/rowjay007/market-nexus/services/ordering/internal/application/service.go:36.139,38.2 1 0
github.com/rowjay007/market-nexus/services/ordering/internal/application/service.go:43.35,45.29 2 0
github.com/rowjay007/market-nexus/services/ordering/internal/application/service.go:45.29,47.10 2 0
github.com/rowjay007/market-nexus/services/ordering/internal/application/service.go:47.10,49.4 1 0
github.com/rowjay007/market-nexus/services/ordering/internal/application/service.go:50.3,50.71 1 0
github.com/rowjay007/market-nexus/services/ordering/internal/application/service.go:50.71,52.4 1 0
github.com/rowjay007/market-nexus/services/ordering/internal/application/service.go:54.2,54.43 1 0
github.com/rowjay007/market-nexus/services/ordering/internal/application/service.go:54.43,56.3 1 0
github.com/rowjay007/market-nexus/services/ordering/internal/application/service.go:57.2,60.37 3 0
github.com/rowjay007/market-nexus/services/ordering/internal/application/service.go:60.37,61.87 1 0
github.com/rowjay007/market-nexus/services/ordering/internal/application/service.go:61.87,65.43 4 0
github.com/rowjay007/market-nexus/services/ordering/internal/application/service.go:65.43,66.33 1 0
github.com/rowjay007/market-nexus/services/ordering/internal/application/service.go:66.33,67.11 1 0
github.com/rowjay007/market-nexus/services/ordering/internal/application/service.go:69.5,69.78 1 0
github.com/rowjay007/market-nexus/services/ordering/internal/application/service.go:71.4,71.19 1 0
github.com/rowjay007/market-nexus/services/ordering/internal/application/service.go:75.2,78.19 4 0
github.com/rowjay007/market-nexus/services/ordering/cmd/server/main.go:5.13,7.2 1 0
github.com/rowjay007/market-nexus/services/ordering/internal/infrastructure/memory/repo.go:14.32,16.2 1 0
github.com/rowjay007/market-nexus/services/ordering/internal/infrastructure/memory/repo.go:18.61,23.2 4 0
github.com/rowjay007/market-nexus/services/ordering/internal/infrastructure/memory/repo.go:25.86,30.2 4 0
github.com/rowjay007/market-nexus/services/inventory/internal/domain/stock_item.go:26.105,28.2 1 1
github.com/rowjay007/market-nexus/services/inventory/internal/domain/stock_item.go:30.102,31.34 1 1
github.com/rowjay007/market-nexus/services/inventory/internal/domain/stock_item.go:31.34,33.3 1 0
github.com/rowjay007/market-nexus/services/inventory/internal/domain/stock_item.go:34.2,34.35 1 1
github.com/rowjay007/market-nexus/services/inventory/internal/domain/stock_item.go:34.35,36.3 1 0
github.com/rowjay007/market-nexus/services/inventory/internal/domain/stock_item.go:37.2,46.8 4 1
github.com/rowjay007/market-nexus/services/inventory/internal/domain/stock_item.go:49.72,50.22 1 1
github.com/rowjay007/market-nexus/services/inventory/internal/domain/stock_item.go:50.22,52.3 1 0
github.com/rowjay007/market-nexus/services/inventory/internal/domain/stock_item.go:53.2,62.3 4 1
github.com/rowjay007/market-nexus/services/inventory/internal/domain/stock_item.go:65.34,65.50 1 0
github.com/rowjay007/market-nexus/services/inventory/internal/domain/stock_item.go:66.54,66.75 1 0
github.com/rowjay007/market-nexus/services/inventory/internal/domain/stock_item.go:67.37,67.59 1 1
github.com/rowjay007/market-nexus/services/inventory/internal/domain/stock_item.go:68.36,68.57 1 1
github.com/rowjay007/market-nexus/services/inventory/internal/domain/stock_item.go:69.35,69.55 1 0
github.com/rowjay007/market-nexus/services/catalog/internal/domain/product.go:31.94,32.14 1 1
github.com/rowjay007/market-nexus/services/catalog/internal/domain/product.go:32.14,34.3 1 0
github.com/rowjay007/market-nexus/services/catalog/internal/domain/product.go:35.2,35.85 1 1
github.com/rowjay007/market-nexus/services/catalog/internal/domain/product.go:38.90,39.28 1 1
github.com/rowjay007/market-nexus/services/catalog/internal/domain/product.go:39.28,41.3 1 1
github.com/rowjay007/market-nexus/services/catalog/internal/domain/product.go:42.2,43.12 2 0
github.com/rowjay007/market-nexus/services/catalog/internal/domain/product.go:46.50,54.2 1 0
github.com/rowjay007/market-nexus/services/catalog/internal/domain/product.go:56.34,58.2 1 0
github.com/rowjay007/market-nexus/services/catalog/internal/domain/product.go:60.52,62.2 1 0
github.com/rowjay007/market-nexus/services/catalog/internal/domain/product.go:64.33,66.2 1 0
github.com/rowjay007/market-nexus/services/catalog/internal/domain/product.go:68.40,72.2 3 0
github.com/rowjay007/market-nexus/services/ordering/internal/domain/order.go:38.66,40.2 1 1
github.com/rowjay007/market-nexus/services/ordering/internal/domain/order.go:42.65,43.40 1 1
github.com/rowjay007/market-nexus/services/ordering/internal/domain/order.go:43.40,45.3 1 0
github.com/rowjay007/market-nexus/services/ordering/internal/domain/order.go:46.2,47.12 2 1
github.com/rowjay007/market-nexus/services/ordering/internal/domain/order.go:50.38,58.2 2 1
github.com/rowjay007/market-nexus/services/ordering/internal/domain/order.go:60.42,67.2 2 1
github.com/rowjay007/market-nexus/services/ordering/internal/domain/order.go:69.54,77.2 2 0
github.com/rowjay007/market-nexus/services/ordering/internal/domain/order.go:79.30,79.45 1 0
github.com/rowjay007/market-nexus/services/ordering/internal/domain/order.go:80.50,80.71 1 0
github.com/rowjay007/market-nexus/services/ordering/internal/domain/order.go:81.38,81.57 1 1
github.com/rowjay007/market-nexus/services/ordering/internal/domain/order.go:82.37,86.2 3 0
